
======================================================================
🚀 Stock Price Alert 性能对标测试
======================================================================
时间: 2026-06-03 16:22:15

======================================================================
测试1: 配置合并性能（run_alert.merge_full_config）
======================================================================
  运行 1: 148.94ms
  运行 2: 80.73ms
  运行 3: 90.48ms
  运行 4: 82.03ms
  运行 5: 80.90ms

统计:
  平均: 96.61ms
  最小: 80.73ms
  最大: 148.94ms
  ✅ 预期改善: -5-10% 相比优化前的 ~170ms

======================================================================
测试2: K线缓存效果（同一轮中重复拉取K线）
======================================================================

场景A: 无缓存（5次独立调用）
  600711: 60 bars
  600663: 60 bars
  600105: 60 bars
  002185: 60 bars
  001234: 60 bars
总耗时: 1471.8ms

场景B: 有缓存（第2-5次命中缓存）
  600711: 60 bars (加载)
  600663: 60 bars (加载)
  600105: 60 bars (加载)
  002185: 60 bars (加载)
  001234: 60 bars (加载)
总耗时: 1411.5ms

对比:
  无缓存: 1471.8ms
  有缓存: 1411.5ms
  改善率: 4.1%
  ✅ 缓存有效

======================================================================
测试3: 日报生成性能（包含JSON并行I/O）
======================================================================

生成日报摘要（包含所有数据源读取）...
✅ 完成
耗时: 2667.8ms
  (包含: account_pnl, signals, afternoon, weekly, health, trades, position_ops)

✅ 预期改善: 并行I/O实现 -150-200ms

提示: 完整选股测试需要 2-5 分钟，请耐心等待...

======================================================================
测试4: 选股性能（limit=50）
======================================================================

运行: python3 quant_cli.py daily-select --limit 50
✅ 完成
总耗时: 60.3s
进度信息:    … 选股进度 60/60（约 1.1 只/秒，剩余约 0.0 分钟）

✅ 预期改善: K线缓存 -30-50%，批处理优化 GIL

======================================================================
📊 测试总结
======================================================================

✅ 测试完成
📄 结果已保存: performance_benchmark_report.json

关键指标:
  • 配置合并: 96.6ms (预期改善 < 5%)
  • K线缓存: 4.1% 改善 (预期 -30-50%)
  • 日报生成: 2667.8ms (预期 -150-200ms)
  • 选股耗时: 60.3s (预期 -30-50%)

建议:
1. 本地运行此脚本获取基准数据
2. 对标历史数据（如有）
3. 根据结果调整优化方案
